// Jest Snapshot v1, https://goo.gl/fbAQLP

exports[`<TabItem /> should render <TabItem /> 1`] = `
<div
  aria-label="title"
  className="rdt-tab-item"
  onClick={[MockFunction]}
  onKeyPress={[Function]}
  role="presentation"
  tabIndex={0}
>
  <div
    className="rdt-tab-item-icon"
  >
    <div />
  </div>
  <h4>
    title
  </h4>
</div>
`;
